// Jest Snapshot v1, https://goo.gl/fbAQLP

exports[`<SignInScreen /> Renders SignIn screen correctly 1`] = `
<View
  style={
    [
      {
        "flex": 1,
        "marginTop": 54,
      },
      {
        "backgroundColor": "#FDFFFC",
      },
      undefined,
    ]
  }
>
  <View
    onLayout={[Function]}
    style={
      [
        {
          "alignItems": "center",
          "gap": 28.5,
          "paddingHorizontal": 41.5,
          "paddingTop": 38,
        },
        {
          "paddingBottom": 0,
        },
      ]
    }
  >
    <View
      style={
        [
          {
            "alignItems": "center",
            "backgroundColor": "transparent",
            "height": 191,
          },
          {
            "backgroundColor": "#FDFFFC",
          },
        ]
      }
    >
      <Image
        alt="logo"
        source={
          {
            "testUri": "../../../src/assets/images/tick-it-logo.png",
          }
        }
        style={
          {
            "backgroundColor": "transparent",
            "height": 191,
            "width": 191,
          }
        }
        testID="logo"
      />
    </View>
    <View
      style={
        {
          "alignItems": "center",
        }
      }
    >
      <Text
        style={
          [
            {
              "color": "#011627",
              "fontSize": 34.5,
              "fontWeight": "400",
            },
            undefined,
            {
              "fontSize": 66.5,
              "fontWeight": "bold",
              "lineHeight": 61,
            },
            undefined,
            undefined,
            undefined,
            undefined,
          ]
        }
      >
        Welcome to Tick-it
      </Text>
      <Text
        style={
          [
            {
              "color": "#011627",
              "fontSize": 34.5,
              "fontWeight": "400",
            },
            undefined,
            undefined,
            undefined,
            {
              "fontSize": 41.5,
              "fontWeight": "bold",
            },
            undefined,
            undefined,
          ]
        }
      >
        The EZ task manager app
      </Text>
    </View>
    <View
      style={
        [
          {
            "alignItems": "center",
            "borderCurve": "continuous",
            "borderRadius": 30.5,
            "borderWidth": 1,
            "flexDirection": "row",
            "gap": 21,
            "height": 84,
            "justifyContent": "center",
            "paddingHorizontal": 31.5,
          },
          {
            "borderColor": "#CCD2D7",
          },
        ]
      }
    >
      <TextInput
        autoCapitalize="none"
        icon={
          <Icon
            allowFontScaling={false}
            color="#AAB3BB"
            name="at-outline"
            size={49.5}
          />
        }
        keyboardType="email-address"
        onChangeText={[Function]}
        placeholder="Email"
        placeholderTextColor="#aaa"
        style={
          [
            {
              "color": "#011627",
              "flex": 1,
              "fontSize": 37.5,
            },
          ]
        }
        textContentType="emailAddress"
        value=""
      />
    </View>
    <View
      style={
        {
          "flexDirection": "row",
          "justifyContent": "center",
        }
      }
    >
      <View
        style={
          {
            "flex": 1,
          }
        }
      >
        <View
          style={
            [
              {
                "alignItems": "center",
                "borderCurve": "continuous",
                "borderRadius": 30.5,
                "borderWidth": 1,
                "flexDirection": "row",
                "gap": 21,
                "height": 84,
                "justifyContent": "center",
                "paddingHorizontal": 31.5,
              },
              {
                "borderColor": "#CCD2D7",
              },
            ]
          }
        >
          <TextInput
            autoCapitalize="none"
            icon={
              <Icon
                allowFontScaling={false}
                color="#AAB3BB"
                name="lock-closed-outline"
                size={49.5}
              />
            }
            onChangeText={[Function]}
            placeholder="Password"
            placeholderTextColor="#aaa"
            secureTextEntry={true}
            style={
              [
                {
                  "color": "#011627",
                  "flex": 1,
                  "fontSize": 37.5,
                },
              ]
            }
            textContentType="password"
            value=""
          />
        </View>
      </View>
      <View
        style={
          {
            "justifyContent": "center",
            "marginLeft": 21,
          }
        }
      />
    </View>
    <View
      style={
        {
          "display": "flex",
        }
      }
    />
    <View
      accessibilityState={
        {
          "busy": undefined,
          "checked": undefined,
          "disabled": undefined,
          "expanded": undefined,
          "selected": undefined,
        }
      }
      accessibilityValue={
        {
          "max": undefined,
          "min": undefined,
          "now": undefined,
          "text": undefined,
        }
      }
      accessible={true}
      collapsable={false}
      focusable={true}
      onClick={[Function]}
      onResponderGrant={[Function]}
      onResponderMove={[Function]}
      onResponderRelease={[Function]}
      onResponderTerminate={[Function]}
      onResponderTerminationRequest={[Function]}
      onStartShouldSetResponder={[Function]}
      style={
        {
          "alignItems": "center",
          "borderCurve": "continuous",
          "height": 91.5,
          "justifyContent": "center",
          "opacity": 1,
        }
      }
      testID="signinBtn"
    >
      <View
        style={
          [
            {
              "alignItems": "center",
              "borderCurve": "continuous",
              "height": 91.5,
              "justifyContent": "center",
            },
            false,
            {
              "backgroundColor": "#2EC4B6",
              "borderRadius": 30.5,
              "width": 976.5,
            },
            undefined,
          ]
        }
      >
        <Text
          style={
            [
              {
                "fontSize": 38,
              },
              {
                "color": "#FCFCFD",
              },
            ]
          }
        >
          <Text>
            Sign In
          </Text>
        </Text>
      </View>
    </View>
    <View
      style={
        {
          "flexDirection": "row",
        }
      }
    >
      <Text
        style={
          [
            {
              "color": "#011627",
              "fontSize": 34.5,
              "fontWeight": "400",
            },
            {
              "fontSize": 33.5,
              "lineHeight": 46,
            },
            undefined,
            undefined,
            undefined,
            undefined,
            undefined,
          ]
        }
      >
        Don't have an account? 
      </Text>
      <Text
        href="/sign-up"
        onPress={[Function]}
        role="link"
        style={
          [
            {
              "alignItems": "center",
              "borderColor": "gray",
              "borderRadius": 9.5,
              "borderWidth": 1,
              "justifyContent": "center",
              "marginLeft": 10.5,
              "padding": 4,
              "textAlign": "center",
              "textAlignVertical": "center",
            },
            undefined,
          ]
        }
        testID="sign-up"
      >
        <Text
          style={
            {
              "color": "#011627",
            }
          }
        >
          Sign Up
        </Text>
      </Text>
    </View>
  </View>
</View>
`;
